REST rate-limiter init: 5 failures / 60s window (global cap 20), localhost exempted
[REST] CineSort API standalone sur http://127.0.0.1:8642 (localhost only)
[REST] Astuce : ajoutez --public pour autoriser l'acces depuis le LAN.
[REST] Ctrl+C pour arreter.
V5-03 : purge cache TMDb (TTL 42j) — checked=44 purged=0 preserved_legacy=0
retention cron demarre (retention=90j, initial_delay=60s, interval=86400s)
quarantine ttl cron demarre (ttl=30j, initial_delay=60s, interval=86400s)
REST API started on http://127.0.0.1:8642 (167 endpoints)
network: IP locale detectee = 10.2.0.2 (UDP)
REST: dashboard accessible a http://10.2.0.2:8642/dashboard/
Auth bypass localhost (client=127.0.0.1, bind=127.0.0.1) — desktop trusted mode
REST 500 method=runtime/get_probe_tools_status (35453ms): Command '['C:\\Users\\blanc\\AppData\\Local\\Temp\\cinesort_shims\\ffprobe.cmd', '-version']' timed out after 8.0 seconds
Traceback (most recent call last):
  File "C:\Users\blanc\projects\CineSort\cinesort\infra\rest_server.py", line 1037, in _handle_post
    result = method(**params)
             ^^^^^^^^^^^^^^^^
  File "C:\Users\blanc\projects\CineSort\cinesort\ui\api\facades\runtime_facade.py", line 192, in get_probe_tools_status
    return self._api._get_probe_tools_status_impl()
           ^^^^^^^^^^^^^^^^^^^^^^^^^^^^^^^^^^^^^^^^
  File "C:\Users\blanc\projects\CineSort\cinesort\ui\api\cinesort_api.py", line 1733, in _get_probe_tools_status_impl
    return probe_support.get_probe_tools_status(self, detect_probe_tools_fn=detect_probe_tools)
           ^^^^^^^^^^^^^^^^^^^^^^^^^^^^^^^^^^^^^^^^^^^^^^^^^^^^^^^^^^^^^^^^^^^^^^^^^^^^^^^^^^^^
  File "C:\Users\blanc\projects\CineSort\cinesort\ui\api\probe_support.py", line 127, in get_probe_tools_status
    payload = probe_tools_status_payload(
              ^^^^^^^^^^^^^^^^^^^^^^^^^^^
  File "C:\Users\blanc\projects\CineSort\cinesort\ui\api\probe_support.py", line 77, in probe_tools_status_payload
    payload = detect_probe_tools_fn(
              ^^^^^^^^^^^^^^^^^^^^^^
  File "C:\Users\blanc\projects\CineSort\cinesort\infra\probe\tools_manager.py", line 471, in detect_probe_tools
    ff = _build_tool_status(
         ^^^^^^^^^^^^^^^^^^^
  File "C:\Users\blanc\projects\CineSort\cinesort\infra\probe\tools_manager.py", line 272, in _build_tool_status
    ok_exec, first_line, _full_text = _probe_version_line(tool_name=tool_name, tool_path=str(p), runner=runner)
                                      ^^^^^^^^^^^^^^^^^^^^^^^^^^^^^^^^^^^^^^^^^^^^^^^^^^^^^^^^^^^^^^^^^^^^^^^^^
  File "C:\Users\blanc\projects\CineSort\cinesort\infra\probe\tools_manager.py", line 209, in _probe_version_line
    rc, out, err = runner(cmd, VERSION_PROBE_DETAILED_TIMEOUT_S)
                   ^^^^^^^^^^^^^^^^^^^^^^^^^^^^^^^^^^^^^^^^^^^^^
  File "C:\Users\blanc\projects\CineSort\cinesort\infra\probe\tooling.py", line 55, in default_runner
    cp = tracked_run(
         ^^^^^^^^^^^^
  File "C:\Users\blanc\projects\CineSort\cinesort\infra\subprocess_safety.py", line 256, in tracked_run
    stdout_data, stderr_data = proc.communicate(input=input, timeout=timeout)
                               ^^^^^^^^^^^^^^^^^^^^^^^^^^^^^^^^^^^^^^^^^^^^^^
  File "C:\Users\blanc\AppData\Local\Programs\Python\Python312\Lib\subprocess.py", line 1209, in communicate
    stdout, stderr = self._communicate(input, endtime, timeout)
                     ^^^^^^^^^^^^^^^^^^^^^^^^^^^^^^^^^^^^^^^^^^
  File "C:\Users\blanc\AppData\Local\Programs\Python\Python312\Lib\subprocess.py", line 1630, in _communicate
    raise TimeoutExpired(self.args, orig_timeout)
subprocess.TimeoutExpired: Command '['C:\\Users\\blanc\\AppData\\Local\\Temp\\cinesort_shims\\ffprobe.cmd', '-version']' timed out after 8.0 seconds
purge_quarantine cron: reponse inattendue ttl=30j resp={'ok': False, 'error': "build_cfg_failed: build_cfg_from_settings() missing 4 required keyword-only arguments: 'root', 'default_collection_folder_name', 'default_empty_folders_folder_name', and 'default_residual_cleanup_folder_name'"}
backup_db: cinesort.sqlite -> C:\Users\blanc\AppData\Local\CineSort\db\backups\cinesort.20260610-000649-996115Z.pre_migration.bak (2152.0 KB)
rotate_backups: supprime cinesort.20260609-224225-430525Z.pre_migration.bak
reconcile_pending_batches: no pending batches to reconcile
cleanup_old_runs: deleted 0 runs older than 90 days
cleanup_old_runs: deleted 0 runs older than 90 days
Auth bypass localhost (client=127.0.0.1, bind=127.0.0.1) — desktop trusted mode
api: start_plan run_id=20260610_020656_191
job: demarrage thread run_id=20260610_020656_191
REST POST /api/run/start_plan -> 200 (562ms)
scan: debut analyse C:\Users\blanc\projects\CineSort\test_library\RootA\Movies (incremental=False)
scan: phase 1 decouverte = 9 dossiers en 0.00s
Auth bypass localhost (client=127.0.0.1, bind=127.0.0.1) — desktop trusted mode
scan: VO-B phase 1 parallele = 9 candidates (workers=4)
REST POST /api/run/get_status -> 200 (0ms)
scan: termine C:\Users\blanc\projects\CineSort\test_library\RootA\Movies -> 9 rows
job: termine run_id=20260610_020656_191 en 0.1s
Auth bypass localhost (client=127.0.0.1, bind=127.0.0.1) — desktop trusted mode
REST POST /api/run/get_status -> 200 (15ms)
Auth bypass localhost (client=127.0.0.1, bind=127.0.0.1) — desktop trusted mode
REST POST /api/run/get_plan -> 200 (359ms)
Auth bypass localhost (client=127.0.0.1, bind=127.0.0.1) — desktop trusted mode
get_quality_report failed for run_id=20260610_020656_191 row_id=S|8ec5dc1a
Traceback (most recent call last):
  File "C:\Users\blanc\projects\CineSort\cinesort\ui\api\quality_report_support.py", line 241, in get_quality_report
    probe_result, out = _probe_and_score(
                        ^^^^^^^^^^^^^^^^^
  File "C:\Users\blanc\projects\CineSort\cinesort\ui\api\quality_report_support.py", line 89, in _probe_and_score
    probe_result = probe.probe_file(media_path=media_path, settings=probe_settings)
                   ^^^^^^^^^^^^^^^^^^^^^^^^^^^^^^^^^^^^^^^^^^^^^^^^^^^^^^^^^^^^^^^^
  File "C:\Users\blanc\projects\CineSort\cinesort\infra\probe\service.py", line 257, in probe_file
    tools = self._get_tools_cached(cfg)
            ^^^^^^^^^^^^^^^^^^^^^^^^^^^
  File "C:\Users\blanc\projects\CineSort\cinesort\infra\probe\service.py", line 116, in _get_tools_cached
    tools = get_tools_status(
            ^^^^^^^^^^^^^^^^^
  File "C:\Users\blanc\projects\CineSort\cinesort\infra\probe\tooling.py", line 128, in get_tools_status
    version = _probe_version("mediainfo", mediainfo_bin, runner)
              ^^^^^^^^^^^^^^^^^^^^^^^^^^^^^^^^^^^^^^^^^^^^^^^^^^
  File "C:\Users\blanc\projects\CineSort\cinesort\infra\probe\tooling.py", line 106, in _probe_version
    rc, out, err = runner([path, "--Version"], VERSION_PROBE_TIMEOUT_S)
                   ^^^^^^^^^^^^^^^^^^^^^^^^^^^^^^^^^^^^^^^^^^^^^^^^^^^^
  File "C:\Users\blanc\projects\CineSort\cinesort\infra\probe\tooling.py", line 55, in default_runner
    cp = tracked_run(
         ^^^^^^^^^^^^
  File "C:\Users\blanc\projects\CineSort\cinesort\infra\subprocess_safety.py", line 256, in tracked_run
    stdout_data, stderr_data = proc.communicate(input=input, timeout=timeout)
                               ^^^^^^^^^^^^^^^^^^^^^^^^^^^^^^^^^^^^^^^^^^^^^^
  File "C:\Users\blanc\AppData\Local\Programs\Python\Python312\Lib\subprocess.py", line 1209, in communicate
    stdout, stderr = self._communicate(input, endtime, timeout)
                     ^^^^^^^^^^^^^^^^^^^^^^^^^^^^^^^^^^^^^^^^^^
  File "C:\Users\blanc\AppData\Local\Programs\Python\Python312\Lib\subprocess.py", line 1630, in _communicate
    raise TimeoutExpired(self.args, orig_timeout)
subprocess.TimeoutExpired: Command '['C:\\Users\\blanc\\AppData\\Local\\Temp\\cinesort_shims\\mediainfo.cmd', '--Version']' timed out after 6.0 seconds
get_quality_report failed for run_id=20260610_020656_191 row_id=S|8ec5dc1a
Traceback (most recent call last):
  File "C:\Users\blanc\projects\CineSort\cinesort\ui\api\quality_report_support.py", line 241, in get_quality_report
    probe_result, out = _probe_and_score(
                        ^^^^^^^^^^^^^^^^^
  File "C:\Users\blanc\projects\CineSort\cinesort\ui\api\quality_report_support.py", line 89, in _probe_and_score
    probe_result = probe.probe_file(media_path=media_path, settings=probe_settings)
                   ^^^^^^^^^^^^^^^^^^^^^^^^^^^^^^^^^^^^^^^^^^^^^^^^^^^^^^^^^^^^^^^^
  File "C:\Users\blanc\projects\CineSort\cinesort\infra\probe\service.py", line 257, in probe_file
    tools = self._get_tools_cached(cfg)
            ^^^^^^^^^^^^^^^^^^^^^^^^^^^
  File "C:\Users\blanc\projects\CineSort\cinesort\infra\probe\service.py", line 116, in _get_tools_cached
    tools = get_tools_status(
            ^^^^^^^^^^^^^^^^^
  File "C:\Users\blanc\projects\CineSort\cinesort\infra\probe\tooling.py", line 128, in get_tools_status
    version = _probe_version("mediainfo", mediainfo_bin, runner)
              ^^^^^^^^^^^^^^^^^^^^^^^^^^^^^^^^^^^^^^^^^^^^^^^^^^
  File "C:\Users\blanc\projects\CineSort\cinesort\infra\probe\tooling.py", line 106, in _probe_version
    rc, out, err = runner([path, "--Version"], VERSION_PROBE_TIMEOUT_S)
                   ^^^^^^^^^^^^^^^^^^^^^^^^^^^^^^^^^^^^^^^^^^^^^^^^^^^^
  File "C:\Users\blanc\projects\CineSort\cinesort\infra\probe\tooling.py", line 55, in default_runner
    cp = tracked_run(
         ^^^^^^^^^^^^
  File "C:\Users\blanc\projects\CineSort\cinesort\infra\subprocess_safety.py", line 256, in tracked_run
    stdout_data, stderr_data = proc.communicate(input=input, timeout=timeout)
                               ^^^^^^^^^^^^^^^^^^^^^^^^^^^^^^^^^^^^^^^^^^^^^^
  File "C:\Users\blanc\AppData\Local\Programs\Python\Python312\Lib\subprocess.py", line 1209, in communicate
    stdout, stderr = self._communicate(input, endtime, timeout)
                     ^^^^^^^^^^^^^^^^^^^^^^^^^^^^^^^^^^^^^^^^^^
  File "C:\Users\blanc\AppData\Local\Programs\Python\Python312\Lib\subprocess.py", line 1630, in _communicate
    raise TimeoutExpired(self.args, orig_timeout)
subprocess.TimeoutExpired: Command '['C:\\Users\\blanc\\AppData\\Local\\Temp\\cinesort_shims\\mediainfo.cmd', '--Version']' timed out after 6.0 seconds
REST POST /api/quality/get_quality_report -> 200 (35500ms)
get_quality_report failed for run_id=20260610_020656_191 row_id=S|a734925a
Traceback (most recent call last):
  File "C:\Users\blanc\projects\CineSort\cinesort\ui\api\quality_report_support.py", line 241, in get_quality_report
    probe_result, out = _probe_and_score(
                        ^^^^^^^^^^^^^^^^^
  File "C:\Users\blanc\projects\CineSort\cinesort\ui\api\quality_report_support.py", line 89, in _probe_and_score
    probe_result = probe.probe_file(media_path=media_path, settings=probe_settings)
                   ^^^^^^^^^^^^^^^^^^^^^^^^^^^^^^^^^^^^^^^^^^^^^^^^^^^^^^^^^^^^^^^^
  File "C:\Users\blanc\projects\CineSort\cinesort\infra\probe\service.py", line 257, in probe_file
    tools = self._get_tools_cached(cfg)
            ^^^^^^^^^^^^^^^^^^^^^^^^^^^
  File "C:\Users\blanc\projects\CineSort\cinesort\infra\probe\service.py", line 116, in _get_tools_cached
    tools = get_tools_status(
            ^^^^^^^^^^^^^^^^^
  File "C:\Users\blanc\projects\CineSort\cinesort\infra\probe\tooling.py", line 128, in get_tools_status
    version = _probe_version("mediainfo", mediainfo_bin, runner)
              ^^^^^^^^^^^^^^^^^^^^^^^^^^^^^^^^^^^^^^^^^^^^^^^^^^
  File "C:\Users\blanc\projects\CineSort\cinesort\infra\probe\tooling.py", line 106, in _probe_version
    rc, out, err = runner([path, "--Version"], VERSION_PROBE_TIMEOUT_S)
                   ^^^^^^^^^^^^^^^^^^^^^^^^^^^^^^^^^^^^^^^^^^^^^^^^^^^^
  File "C:\Users\blanc\projects\CineSort\cinesort\infra\probe\tooling.py", line 55, in default_runner
    cp = tracked_run(
         ^^^^^^^^^^^^
  File "C:\Users\blanc\projects\CineSort\cinesort\infra\subprocess_safety.py", line 256, in tracked_run
    stdout_data, stderr_data = proc.communicate(input=input, timeout=timeout)
                               ^^^^^^^^^^^^^^^^^^^^^^^^^^^^^^^^^^^^^^^^^^^^^^
  File "C:\Users\blanc\AppData\Local\Programs\Python\Python312\Lib\subprocess.py", line 1209, in communicate
    stdout, stderr = self._communicate(input, endtime, timeout)
                     ^^^^^^^^^^^^^^^^^^^^^^^^^^^^^^^^^^^^^^^^^^
  File "C:\Users\blanc\AppData\Local\Programs\Python\Python312\Lib\subprocess.py", line 1630, in _communicate
    raise TimeoutExpired(self.args, orig_timeout)
subprocess.TimeoutExpired: Command '['C:\\Users\\blanc\\AppData\\Local\\Temp\\cinesort_shims\\mediainfo.cmd', '--Version']' timed out after 6.0 seconds
Auth bypass localhost (client=127.0.0.1, bind=127.0.0.1) — desktop trusted mode
api: start_plan run_id=20260610_020825_739
job: demarrage thread run_id=20260610_020825_739
REST POST /api/run/start_plan -> 200 (407ms)
scan: debut analyse C:\Users\blanc\projects\CineSort\test_library\Root_ITER13\Movies (incremental=False)
scan: phase 1 decouverte = 3 dossiers en 0.00s
scan: VO-B phase 1 parallele = 3 candidates (workers=4)
scan: termine C:\Users\blanc\projects\CineSort\test_library\Root_ITER13\Movies -> 0 rows
job: termine run_id=20260610_020825_739 en 0.0s
Auth bypass localhost (client=127.0.0.1, bind=127.0.0.1) — desktop trusted mode
REST POST /api/run/get_status -> 200 (0ms)
Auth bypass localhost (client=127.0.0.1, bind=127.0.0.1) — desktop trusted mode
REST POST /api/run/get_plan -> 200 (0ms)
get_quality_report failed for run_id=20260610_020656_191 row_id=S|b4139460
Traceback (most recent call last):
  File "C:\Users\blanc\projects\CineSort\cinesort\ui\api\quality_report_support.py", line 241, in get_quality_report
    probe_result, out = _probe_and_score(
                        ^^^^^^^^^^^^^^^^^
  File "C:\Users\blanc\projects\CineSort\cinesort\ui\api\quality_report_support.py", line 89, in _probe_and_score
    probe_result = probe.probe_file(media_path=media_path, settings=probe_settings)
                   ^^^^^^^^^^^^^^^^^^^^^^^^^^^^^^^^^^^^^^^^^^^^^^^^^^^^^^^^^^^^^^^^
  File "C:\Users\blanc\projects\CineSort\cinesort\infra\probe\service.py", line 257, in probe_file
    tools = self._get_tools_cached(cfg)
            ^^^^^^^^^^^^^^^^^^^^^^^^^^^
  File "C:\Users\blanc\projects\CineSort\cinesort\infra\probe\service.py", line 116, in _get_tools_cached
    tools = get_tools_status(
            ^^^^^^^^^^^^^^^^^
  File "C:\Users\blanc\projects\CineSort\cinesort\infra\probe\tooling.py", line 128, in get_tools_status
    version = _probe_version("mediainfo", mediainfo_bin, runner)
              ^^^^^^^^^^^^^^^^^^^^^^^^^^^^^^^^^^^^^^^^^^^^^^^^^^
  File "C:\Users\blanc\projects\CineSort\cinesort\infra\probe\tooling.py", line 106, in _probe_version
    rc, out, err = runner([path, "--Version"], VERSION_PROBE_TIMEOUT_S)
                   ^^^^^^^^^^^^^^^^^^^^^^^^^^^^^^^^^^^^^^^^^^^^^^^^^^^^
  File "C:\Users\blanc\projects\CineSort\cinesort\infra\probe\tooling.py", line 55, in default_runner
    cp = tracked_run(
         ^^^^^^^^^^^^
  File "C:\Users\blanc\projects\CineSort\cinesort\infra\subprocess_safety.py", line 256, in tracked_run
    stdout_data, stderr_data = proc.communicate(input=input, timeout=timeout)
                               ^^^^^^^^^^^^^^^^^^^^^^^^^^^^^^^^^^^^^^^^^^^^^^
  File "C:\Users\blanc\AppData\Local\Programs\Python\Python312\Lib\subprocess.py", line 1209, in communicate
    stdout, stderr = self._communicate(input, endtime, timeout)
                     ^^^^^^^^^^^^^^^^^^^^^^^^^^^^^^^^^^^^^^^^^^
  File "C:\Users\blanc\AppData\Local\Programs\Python\Python312\Lib\subprocess.py", line 1630, in _communicate
    raise TimeoutExpired(self.args, orig_timeout)
subprocess.TimeoutExpired: Command '['C:\\Users\\blanc\\AppData\\Local\\Temp\\cinesort_shims\\mediainfo.cmd', '--Version']' timed out after 6.0 seconds
get_quality_report failed for run_id=20260610_020656_191 row_id=S|4757df59
Traceback (most recent call last):
  File "C:\Users\blanc\projects\CineSort\cinesort\ui\api\quality_report_support.py", line 241, in get_quality_report
    probe_result, out = _probe_and_score(
                        ^^^^^^^^^^^^^^^^^
  File "C:\Users\blanc\projects\CineSort\cinesort\ui\api\quality_report_support.py", line 89, in _probe_and_score
    probe_result = probe.probe_file(media_path=media_path, settings=probe_settings)
                   ^^^^^^^^^^^^^^^^^^^^^^^^^^^^^^^^^^^^^^^^^^^^^^^^^^^^^^^^^^^^^^^^
  File "C:\Users\blanc\projects\CineSort\cinesort\infra\probe\service.py", line 257, in probe_file
    tools = self._get_tools_cached(cfg)
            ^^^^^^^^^^^^^^^^^^^^^^^^^^^
  File "C:\Users\blanc\projects\CineSort\cinesort\infra\probe\service.py", line 116, in _get_tools_cached
    tools = get_tools_status(
            ^^^^^^^^^^^^^^^^^
  File "C:\Users\blanc\projects\CineSort\cinesort\infra\probe\tooling.py", line 128, in get_tools_status
    version = _probe_version("mediainfo", mediainfo_bin, runner)
              ^^^^^^^^^^^^^^^^^^^^^^^^^^^^^^^^^^^^^^^^^^^^^^^^^^
  File "C:\Users\blanc\projects\CineSort\cinesort\infra\probe\tooling.py", line 106, in _probe_version
    rc, out, err = runner([path, "--Version"], VERSION_PROBE_TIMEOUT_S)
                   ^^^^^^^^^^^^^^^^^^^^^^^^^^^^^^^^^^^^^^^^^^^^^^^^^^^^
  File "C:\Users\blanc\projects\CineSort\cinesort\infra\probe\tooling.py", line 55, in default_runner
    cp = tracked_run(
         ^^^^^^^^^^^^
  File "C:\Users\blanc\projects\CineSort\cinesort\infra\subprocess_safety.py", line 256, in tracked_run
    stdout_data, stderr_data = proc.communicate(input=input, timeout=timeout)
                               ^^^^^^^^^^^^^^^^^^^^^^^^^^^^^^^^^^^^^^^^^^^^^^
  File "C:\Users\blanc\AppData\Local\Programs\Python\Python312\Lib\subprocess.py", line 1209, in communicate
    stdout, stderr = self._communicate(input, endtime, timeout)
                     ^^^^^^^^^^^^^^^^^^^^^^^^^^^^^^^^^^^^^^^^^^
  File "C:\Users\blanc\AppData\Local\Programs\Python\Python312\Lib\subprocess.py", line 1630, in _communicate
    raise TimeoutExpired(self.args, orig_timeout)
subprocess.TimeoutExpired: Command '['C:\\Users\\blanc\\AppData\\Local\\Temp\\cinesort_shims\\mediainfo.cmd', '--Version']' timed out after 6.0 seconds
